// Vitest Snapshot v1, https://vitest.dev/guide/snapshot.html

exports[`App.vue > should match snapshot 1`] = `
<main
  data-v-7a7a37b1=""
>
  <section
    data-v-7a7a37b1=""
  >
    <div
      class="game"
      data-v-7a7a37b1=""
    >
      <div
        class="player"
        data-v-7a7a37b1=""
        data-v-a6c9493b=""
      >
        <div
          class="tagline"
          data-v-a6c9493b=""
        >
          <img
            alt="Player image"
            data-v-a6c9493b=""
            src="images/black_400.png"
          />
          <div
            class="user-tagline"
            data-v-a6c9493b=""
          >
            <span
              data-v-a6c9493b=""
            >
              Guest2939666985
            </span>
            <img
              alt="Player flag"
              data-v-a6c9493b=""
              src="images/flag.png "
            />
            <ul
              data-v-a6c9493b=""
            >
              <li
                data-v-a6c9493b=""
              />
              <li
                data-v-a6c9493b=""
              />
              <li
                data-v-a6c9493b=""
              />
              <li
                data-v-a6c9493b=""
              />
            </ul>
          </div>
        </div>
        <div
          class="clock inactive"
          data-v-a6c9493b=""
        >
          </src/assets/icons/clock.svg?component
            data-v-a6c9493b=""
          />
          <span
            data-v-a6c9493b=""
          >
            5:00
          </span>
        </div>
      </div>
      <div
        class="board"
        data-v-41886935=""
        data-v-7a7a37b1=""
        tabindex="0"
      >
        
        <span
          data-rank="8"
          data-v-41886935=""
          tabindex="1"
        />
        <span
          data-v-41886935=""
          tabindex="1"
        />
        <span
          data-v-41886935=""
          tabindex="1"
        />
        <span
          data-v-41886935=""
          tabindex="1"
        />
        <span
          data-v-41886935=""
          tabindex="1"
        />
        <span
          data-v-41886935=""
          tabindex="1"
        />
        <span
          data-v-41886935=""
          tabindex="1"
        />
        <span
          data-v-41886935=""
          tabindex="1"
        />
        <span
          data-rank="7"
          data-v-41886935=""
          tabindex="1"
        />
        <span
          data-v-41886935=""
          tabindex="1"
        />
        <span
          data-v-41886935=""
          tabindex="1"
        />
        <span
          data-v-41886935=""
          tabindex="1"
        />
        <span
          data-v-41886935=""
          tabindex="1"
        />
        <span
          data-v-41886935=""
          tabindex="1"
        />
        <span
          data-v-41886935=""
          tabindex="1"
        />
        <span
          data-v-41886935=""
          tabindex="1"
        />
        <span
          data-rank="6"
          data-v-41886935=""
          tabindex="1"
        />
        <span
          data-v-41886935=""
          tabindex="1"
        />
        <span
          data-v-41886935=""
          tabindex="1"
        />
        <span
          data-v-41886935=""
          tabindex="1"
        />
        <span
          data-v-41886935=""
          tabindex="1"
        />
        <span
          data-v-41886935=""
          tabindex="1"
        />
        <span
          data-v-41886935=""
          tabindex="1"
        />
        <span
          data-v-41886935=""
          tabindex="1"
        />
        <span
          data-rank="5"
          data-v-41886935=""
          tabindex="1"
        />
        <span
          data-v-41886935=""
          tabindex="1"
        />
        <span
          data-v-41886935=""
          tabindex="1"
        />
        <span
          data-v-41886935=""
          tabindex="1"
        />
        <span
          data-v-41886935=""
          tabindex="1"
        />
        <span
          data-v-41886935=""
          tabindex="1"
        />
        <span
          data-v-41886935=""
          tabindex="1"
        />
        <span
          data-v-41886935=""
          tabindex="1"
        />
        <span
          data-rank="4"
          data-v-41886935=""
          tabindex="1"
        />
        <span
          data-v-41886935=""
          tabindex="1"
        />
        <span
          data-v-41886935=""
          tabindex="1"
        />
        <span
          data-v-41886935=""
          tabindex="1"
        />
        <span
          data-v-41886935=""
          tabindex="1"
        />
        <span
          data-v-41886935=""
          tabindex="1"
        />
        <span
          data-v-41886935=""
          tabindex="1"
        />
        <span
          data-v-41886935=""
          tabindex="1"
        />
        <span
          data-rank="3"
          data-v-41886935=""
          tabindex="1"
        />
        <span
          data-v-41886935=""
          tabindex="1"
        />
        <span
          data-v-41886935=""
          tabindex="1"
        />
        <span
          data-v-41886935=""
          tabindex="1"
        />
        <span
          data-v-41886935=""
          tabindex="1"
        />
        <span
          data-v-41886935=""
          tabindex="1"
        />
        <span
          data-v-41886935=""
          tabindex="1"
        />
        <span
          data-v-41886935=""
          tabindex="1"
        />
        <span
          data-rank="2"
          data-v-41886935=""
          tabindex="1"
        />
        <span
          data-v-41886935=""
          tabindex="1"
        />
        <span
          data-v-41886935=""
          tabindex="1"
        />
        <span
          data-v-41886935=""
          tabindex="1"
        />
        <span
          data-v-41886935=""
          tabindex="1"
        />
        <span
          data-v-41886935=""
          tabindex="1"
        />
        <span
          data-v-41886935=""
          tabindex="1"
        />
        <span
          data-v-41886935=""
          tabindex="1"
        />
        <span
          data-file="a"
          data-rank="1"
          data-v-41886935=""
          tabindex="1"
        />
        <span
          data-file="b"
          data-v-41886935=""
          tabindex="1"
        />
        <span
          data-file="c"
          data-v-41886935=""
          tabindex="1"
        />
        <span
          data-file="d"
          data-v-41886935=""
          tabindex="1"
        />
        <span
          data-file="e"
          data-v-41886935=""
          tabindex="1"
        />
        <span
          data-file="f"
          data-v-41886935=""
          tabindex="1"
        />
        <span
          data-file="g"
          data-v-41886935=""
          tabindex="1"
        />
        <span
          data-file="h"
          data-v-41886935=""
          tabindex="1"
        />
        
      </div>
      <div
        class="player"
        data-v-7a7a37b1=""
        data-v-a6c9493b=""
      >
        <div
          class="tagline"
          data-v-a6c9493b=""
        >
          <img
            alt="Player image"
            data-v-a6c9493b=""
            src="images/white_400.png"
          />
          <div
            class="user-tagline"
            data-v-a6c9493b=""
          >
            <span
              data-v-a6c9493b=""
            >
              Guest9241962816
            </span>
            <img
              alt="Player flag"
              data-v-a6c9493b=""
              src="images/flag.png "
            />
            <ul
              data-v-a6c9493b=""
            >
              <li
                data-v-a6c9493b=""
              />
              <li
                data-v-a6c9493b=""
              />
              <li
                data-v-a6c9493b=""
              />
              <li
                data-v-a6c9493b=""
              />
            </ul>
          </div>
        </div>
        <div
          class="clock"
          data-v-a6c9493b=""
        >
          </src/assets/icons/clock.svg?component
            data-v-a6c9493b=""
          />
          <span
            data-v-a6c9493b=""
          >
            4:58
          </span>
        </div>
      </div>
      <span
        class="settings"
        data-v-7a7a37b1=""
      >
        </src/assets/icons/gears.svg?component
          data-v-7a7a37b1=""
        />
      </span>
    </div>
  </section>
  <section
    data-v-7a7a37b1=""
  >
    <div
      class="sidebar"
      data-v-7a7a37b1=""
      data-v-ce868814=""
    >
      <div
        class="tabs"
        data-v-ce868814=""
      >
        <span
          data-v-ce868814=""
        >
          </src/assets/icons/timer.svg?component
            data-v-ce868814=""
          />
           Play 
        </span>
        <span
          data-v-ce868814=""
        >
          </src/assets/icons/more.svg?component
            data-v-ce868814=""
          />
           New Game 
        </span>
        <span
          data-v-ce868814=""
        >
          </src/assets/icons/board.svg?component
            data-v-ce868814=""
          />
           Games 
        </span>
        <span
          data-v-ce868814=""
        >
          </src/assets/icons/players.svg?component
            data-v-ce868814=""
          />
           Players 
        </span>
      </div>
      <div
        class="opening"
        data-v-ce868814=""
      >
         Center Game: Beyer Gambit 
        <span
          data-v-ce868814=""
        >
          </src/assets/icons/book.svg?component
            data-v-ce868814=""
          />
          </src/assets/icons/compass.svg?component
            data-v-ce868814=""
          />
        </span>
      </div>
      <div
        class="move-list"
        data-v-ce868814=""
      >
        <ol
          data-v-ce868814=""
        >
          
          
          <li
            data-v-ce868814=""
          />
        </ol>
      </div>
      <div
        class="game-buttons"
        data-v-ce868814=""
      >
        <span
          data-v-ce868814=""
        >
          </src/assets/icons/half.svg?component
            data-v-ce868814=""
          />
          Draw
          </src/assets/icons/flag.svg?component
            data-v-ce868814=""
          />
          Resign
        </span>
        <span
          data-v-ce868814=""
        >
          </src/assets/icons/first.svg?component
            data-v-ce868814=""
          />
          </src/assets/icons/previous.svg?component
            data-v-ce868814=""
          />
          </src/assets/icons/next.svg?component
            data-v-ce868814=""
          />
          </src/assets/icons/last.svg?component
            data-v-ce868814=""
          />
          </src/assets/icons/flip.svg?component
            data-v-ce868814=""
          />
        </span>
      </div>
      <div
        class="chat"
        data-v-ce868814=""
      >
        <span
          data-v-ce868814=""
        >
          NEW GAME
        </span>
        <span
          data-v-ce868814=""
        >
          Guest2939666985 vs Guest9241962816 (5 min Unrated)
        </span>
      </div>
      <div
        class="chat-login"
        data-v-ce868814=""
      >
         Please 
        <a
          data-v-ce868814=""
          href="#"
        >
          Sign Up
        </a>
         to use the chat. 
      </div>
    </div>
  </section>
</main>
`;
