// Vitest Snapshot v1, https://vitest.dev/guide/snapshot.html

exports[`Board.vue > should match snapshot 1`] = `
<div
  class="board"
  data-v-41886935=""
  tabindex="0"
>
  
  <span
    data-rank="8"
    data-v-41886935=""
    tabindex="1"
  />
  <span
    data-v-41886935=""
    tabindex="1"
  />
  <span
    data-v-41886935=""
    tabindex="1"
  />
  <span
    data-v-41886935=""
    tabindex="1"
  />
  <span
    data-v-41886935=""
    tabindex="1"
  />
  <span
    data-v-41886935=""
    tabindex="1"
  />
  <span
    data-v-41886935=""
    tabindex="1"
  />
  <span
    data-v-41886935=""
    tabindex="1"
  />
  <span
    data-rank="7"
    data-v-41886935=""
    tabindex="1"
  />
  <span
    data-v-41886935=""
    tabindex="1"
  />
  <span
    data-v-41886935=""
    tabindex="1"
  />
  <span
    data-v-41886935=""
    tabindex="1"
  />
  <span
    data-v-41886935=""
    tabindex="1"
  />
  <span
    data-v-41886935=""
    tabindex="1"
  />
  <span
    data-v-41886935=""
    tabindex="1"
  />
  <span
    data-v-41886935=""
    tabindex="1"
  />
  <span
    data-rank="6"
    data-v-41886935=""
    tabindex="1"
  />
  <span
    data-v-41886935=""
    tabindex="1"
  />
  <span
    data-v-41886935=""
    tabindex="1"
  />
  <span
    data-v-41886935=""
    tabindex="1"
  />
  <span
    data-v-41886935=""
    tabindex="1"
  />
  <span
    data-v-41886935=""
    tabindex="1"
  />
  <span
    data-v-41886935=""
    tabindex="1"
  />
  <span
    data-v-41886935=""
    tabindex="1"
  />
  <span
    data-rank="5"
    data-v-41886935=""
    tabindex="1"
  />
  <span
    data-v-41886935=""
    tabindex="1"
  />
  <span
    data-v-41886935=""
    tabindex="1"
  />
  <span
    data-v-41886935=""
    tabindex="1"
  />
  <span
    data-v-41886935=""
    tabindex="1"
  />
  <span
    data-v-41886935=""
    tabindex="1"
  />
  <span
    data-v-41886935=""
    tabindex="1"
  />
  <span
    data-v-41886935=""
    tabindex="1"
  />
  <span
    data-rank="4"
    data-v-41886935=""
    tabindex="1"
  />
  <span
    data-v-41886935=""
    tabindex="1"
  />
  <span
    data-v-41886935=""
    tabindex="1"
  />
  <span
    data-v-41886935=""
    tabindex="1"
  />
  <span
    data-v-41886935=""
    tabindex="1"
  />
  <span
    data-v-41886935=""
    tabindex="1"
  />
  <span
    data-v-41886935=""
    tabindex="1"
  />
  <span
    data-v-41886935=""
    tabindex="1"
  />
  <span
    data-rank="3"
    data-v-41886935=""
    tabindex="1"
  />
  <span
    data-v-41886935=""
    tabindex="1"
  />
  <span
    data-v-41886935=""
    tabindex="1"
  />
  <span
    data-v-41886935=""
    tabindex="1"
  />
  <span
    data-v-41886935=""
    tabindex="1"
  />
  <span
    data-v-41886935=""
    tabindex="1"
  />
  <span
    data-v-41886935=""
    tabindex="1"
  />
  <span
    data-v-41886935=""
    tabindex="1"
  />
  <span
    data-rank="2"
    data-v-41886935=""
    tabindex="1"
  />
  <span
    data-v-41886935=""
    tabindex="1"
  />
  <span
    data-v-41886935=""
    tabindex="1"
  />
  <span
    data-v-41886935=""
    tabindex="1"
  />
  <span
    data-v-41886935=""
    tabindex="1"
  />
  <span
    data-v-41886935=""
    tabindex="1"
  />
  <span
    data-v-41886935=""
    tabindex="1"
  />
  <span
    data-v-41886935=""
    tabindex="1"
  />
  <span
    data-file="a"
    data-rank="1"
    data-v-41886935=""
    tabindex="1"
  />
  <span
    data-file="b"
    data-v-41886935=""
    tabindex="1"
  />
  <span
    data-file="c"
    data-v-41886935=""
    tabindex="1"
  />
  <span
    data-file="d"
    data-v-41886935=""
    tabindex="1"
  />
  <span
    data-file="e"
    data-v-41886935=""
    tabindex="1"
  />
  <span
    data-file="f"
    data-v-41886935=""
    tabindex="1"
  />
  <span
    data-file="g"
    data-v-41886935=""
    tabindex="1"
  />
  <span
    data-file="h"
    data-v-41886935=""
    tabindex="1"
  />
  
</div>
`;
